Using device: cpu
Classes: ['stable', 'unstable']
Train: 102 | Val: 31
Class counts: {'stable': 52, 'unstable': 50}
Class weights: {'stable': 0.9807692170143127, 'unstable': 1.0199999809265137}
Using ResNet18
C:\Users\topme\landslide-vision-app\venv\Lib\site-packages\torch\utils\data\dataloader.py:775: UserWarning: 'pin_memory' argument is set as true but no accelerator is found, then device pinned memory won't be used.
  super().__init__(loader)
Epoch 01/20 | Train Loss: 0.8482 Acc: 0.4706 | Val Loss: 0.8571 Acc: 0.3871
  New best val loss: 0.8571 (val acc: 0.3871)
Epoch 02/20 | Train Loss: 0.8298 Acc: 0.4412 | Val Loss: 0.9606 Acc: 0.4516
Epoch 03/20 | Train Loss: 0.7359 Acc: 0.5490 | Val Loss: 0.8636 Acc: 0.4516
Epoch 04/20 | Train Loss: 0.6864 Acc: 0.5490 | Val Loss: 0.9417 Acc: 0.4194
Epoch 05/20 | Train Loss: 0.7324 Acc: 0.5490 | Val Loss: 0.8408 Acc: 0.4516
  New best val loss: 0.8408 (val acc: 0.4516)
Epoch 06/20 | Train Loss: 0.6848 Acc: 0.5686 | Val Loss: 0.8174 Acc: 0.4194
  New best val loss: 0.8174 (val acc: 0.4194)
Epoch 07/20 | Train Loss: 0.6758 Acc: 0.5882 | Val Loss: 0.8351 Acc: 0.4516
Epoch 08/20 | Train Loss: 0.6569 Acc: 0.5588 | Val Loss: 0.8882 Acc: 0.3548
Epoch 09/20 | Train Loss: 0.7586 Acc: 0.5098 | Val Loss: 0.8114 Acc: 0.4516
  New best val loss: 0.8114 (val acc: 0.4516)

>>> Unfreezing last block at epoch 10 with LR=0.0001
Epoch 10/20 | Train Loss: 0.6919 Acc: 0.6275 | Val Loss: 0.7994 Acc: 0.5484
  New best val loss: 0.7994 (val acc: 0.5484)
Epoch 11/20 | Train Loss: 0.5745 Acc: 0.6961 | Val Loss: 0.7809 Acc: 0.6129
  New best val loss: 0.7809 (val acc: 0.6129)
Epoch 12/20 | Train Loss: 0.4625 Acc: 0.7549 | Val Loss: 0.7154 Acc: 0.6129
  New best val loss: 0.7154 (val acc: 0.6129)
Epoch 13/20 | Train Loss: 0.4987 Acc: 0.7843 | Val Loss: 0.6966 Acc: 0.6452
  New best val loss: 0.6966 (val acc: 0.6452)
Epoch 14/20 | Train Loss: 0.3426 Acc: 0.8824 | Val Loss: 0.6842 Acc: 0.6774
  New best val loss: 0.6842 (val acc: 0.6774)
Epoch 15/20 | Train Loss: 0.3261 Acc: 0.8725 | Val Loss: 0.6460 Acc: 0.6452
  New best val loss: 0.6460 (val acc: 0.6452)
Epoch 16/20 | Train Loss: 0.3562 Acc: 0.8431 | Val Loss: 0.6188 Acc: 0.6452
  New best val loss: 0.6188 (val acc: 0.6452)
Epoch 17/20 | Train Loss: 0.4007 Acc: 0.8333 | Val Loss: 0.6113 Acc: 0.6452
  New best val loss: 0.6113 (val acc: 0.6452)
Epoch 18/20 | Train Loss: 0.3656 Acc: 0.8333 | Val Loss: 0.5975 Acc: 0.6452
  New best val loss: 0.5975 (val acc: 0.6452)
Epoch 19/20 | Train Loss: 0.3427 Acc: 0.8529 | Val Loss: 0.6085 Acc: 0.6452
Epoch 20/20 | Train Loss: 0.3230 Acc: 0.8627 | Val Loss: 0.6282 Acc: 0.6452

Best Validation Accuracy: 0.6452
Model saved to: slope_model.pth

Run evaluate.py to see full metrics on the test set.

Confusion Matrix (Validation Set, Best Epoch):
[[ 8  5]
 [ 6 12]]
